
[mode] paper trading — no real money will be moved.

[profile] opportunity: Opportunity-driven. Holds up to 15 positions only if signals warrant. Deployed capital scales 20-95% with aggregate signal quality. Days with strong, broad signals will trade 10+ stocks; days with weak or conflicting signals will sit mostly in cash. Sizes by conviction (score × confidence) so high-conviction names get larger slices. This is what the user asked for: 'trade many one day, none the next'.

[2m2026-09-28T18:16:23.975734Z[0m [[32m[1minfo     [0m] [1mlocal_paper.state_loaded      [0m [36mcash[0m=[35m496870.557662243560724[0m [36mpath[0m=[35mdata/paper_state.json[0m [36mpositions[0m=[35m6[0m
[market]    NSE (currency: INR)
[broker]    local_paper [NSE] (state=/home/runner/work/Stock-Market/Stock-Market/data/paper_state.json)
[timeframe] 1d
[universe]  28 symbols: HDFCBANK.NS ICICIBANK.NS KOTAKBANK.NS AXISBANK.NS SBIN.NS TCS.NS...
[2m2026-09-28T18:16:23.976194Z[0m [[32m[1minfo     [0m] [1mdaemon.run.start              [0m [36mmode[0m=[35mpaper[0m [36mprofile[0m=[35mopportunity[0m [36muniverse[0m=[35m28[0m
[2m2026-09-28T18:19:08.556248Z[0m [[32m[1minfo     [0m] [1mdaemon.history_pulled         [0m [36msymbols_with_data[0m=[35m28[0m [36msymbols_without_data[0m=[35m0[0m [36muniverse_size[0m=[35m28[0m
[2m2026-09-28T18:19:08.557589Z[0m [[32m[1minfo     [0m] [1mdaemon.signal                 [0m [36mconfidence[0m=[35m0.797[0m [36mrationale[0m=[35m'12-1 ret=-17.94% risk_adj=-0.84 consistency=0.20'[0m [36mscore[0m=[35m-0.9875[0m [36mstrategy[0m=[35mmomentum[0m [36msymbol[0m=[35mHDFCBANK.NS[0m
[2m2026-09-28T18:19:08.558077Z[0m [[32m[1minfo     [0m] [1mdaemon.signal                 [0m [36mconfidence[0m=[35m0.2[0m [36mrationale[0m=[35m'z=-0.92 trend_up=False'[0m [36mscore[0m=[35m0.0[0m [36mstrategy[0m=[35mmean_reversion[0m [36msymbol[0m=[35mHDFCBANK.NS[0m
[2m2026-09-28T18:19:08.558298Z[0m [[32m[1minfo     [0m] [1mdaemon.signal                 [0m [36mconfidence[0m=[35m0.0[0m [36mrationale[0m=[35m'no model registered'[0m [36mscore[0m=[35m0.0[0m [36mstrategy[0m=[35mml[0m [36msymbol[0m=[35mHDFCBANK.NS[0m
[2m2026-09-28T18:19:08.559356Z[0m [[32m[1minfo     [0m] [1mdaemon.signal                 [0m [36mconfidence[0m=[35m0.729[0m [36mrationale[0m=[35m'12-1 ret=+4.80% risk_adj=+0.30 consistency=0.20'[0m [36mscore[0m=[35m0.7151[0m [36mstrategy[0m=[35mmomentum[0m [36msymbol[0m=[35mICICIBANK.NS[0m
[2m2026-09-28T18:19:08.559842Z[0m [[32m[1minfo     [0m] [1mdaemon.signal                 [0m [36mconfidence[0m=[35m0.2[0m [36mrationale[0m=[35m'z=-2.34 trend_up=False'[0m [36mscore[0m=[35m0.0[0m [36mstrategy[0m=[35mmean_reversion[0m [36msymbol[0m=[35mICICIBANK.NS[0m
[2m2026-09-28T18:19:08.560034Z[0m [[32m[1minfo     [0m] [1mdaemon.signal                 [0m [36mconfidence[0m=[35m0.0[0m [36mrationale[0m=[35m'no model registered'[0m [36mscore[0m=[35m0.0[0m [36mstrategy[0m=[35mml[0m [36msymbol[0m=[35mICICIBANK.NS[0m
[2m2026-09-28T18:19:08.560986Z[0m [[32m[1minfo     [0m] [1mdaemon.signal                 [0m [36mconfidence[0m=[35m0.68[0m [36mrationale[0m=[35m'12-1 ret=+4.03% risk_adj=+0.19 consistency=0.20'[0m [36mscore[0m=[35m0.5216[0m [36mstrategy[0m=[35mmomentum[0m [36msymbol[0m=[35mKOTAKBANK.NS[0m
[2m2026-09-28T18:19:08.561379Z[0m [[32m[1minfo     [0m] [1mdaemon.signal                 [0m [36mconfidence[0m=[35m0.2[0m [36mrationale[0m=[35m'z=-1.72 trend_up=False'[0m [36mscore[0m=[35m0.0[0m [36mstrategy[0m=[35mmean_reversion[0m [36msymbol[0m=[35mKOTAKBANK.NS[0m
[2m2026-09-28T18:19:08.561547Z[0m [[32m[1minfo     [0m] [1mdaemon.signal                 [0m [36mconfidence[0m=[35m0.0[0m [36mrationale[0m=[35m'no model registered'[0m [36mscore[0m=[35m0.0[0m [36mstrategy[0m=[35mml[0m [36msymbol[0m=[35mKOTAKBANK.NS[0m
[2m2026-09-28T18:19:08.562573Z[0m [[32m[1minfo     [0m] [1mdaemon.signal                 [0m [36mconfidence[0m=[35m0.714[0m [36mrationale[0m=[35m'12-1 ret=-6.23% risk_adj=-0.26 consistency=0.20'[0m [36mscore[0m=[35m-0.6551[0m [36mstrategy[0m=[35mmomentum[0m [36msymbol[0m=[35mAXISBANK.NS[0m
[2m2026-09-28T18:19:08.563023Z[0m [[32m[1minfo     [0m] [1mdaemon.signal                 [0m [36mconfidence[0m=[35m0.2[0m [36mrationale[0m=[35m'z=-1.02 trend_up=False'[0m [36mscore[0m=[35m0.0[0m [36mstrategy[0m=[35mmean_reversion[0m [36msymbol[0m=[35mAXISBANK.NS[0m
[2m2026-09-28T18:19:08.563213Z[0m [[32m[1minfo     [0m] [1mdaemon.signal                 [0m [36mconfidence[0m=[35m0.0[0m [36mrationale[0m=[35m'no model registered'[0m [36mscore[0m=[35m0.0[0m [36mstrategy[0m=[35mml[0m [36msymbol[0m=[35mAXISBANK.NS[0m
[2m2026-09-28T18:19:08.564229Z[0m [[32m[1minfo     [0m] [1mdaemon.signal                 [0m [36mconfidence[0m=[35m0.781[0m [36mrationale[0m=[35m'12-1 ret=-10.43% risk_adj=-0.54 consistency=0.20'[0m [36mscore[0m=[35m-0.9258[0m [36mstrategy[0m=[35mmomentum[0m [36msymbol[0m=[35mSBIN.NS[0m
[2m2026-09-28T18:19:08.564638Z[0m [[32m[1minfo     [0m] [1mdaemon.signal                 [0m [36mconfidence[0m=[35m0.7[0m [36mrationale[0m=[35m'z=-1.91 trend_up=True'[0m [36mscore[0m=[35m0.7417[0m [36mstrategy[0m=[35mmean_reversion[0m [36msymbol[0m=[35mSBIN.NS[0m
[2m2026-09-28T18:19:08.564842Z[0m [[32m[1minfo     [0m] [1mdaemon.signal                 [0m [36mconfidence[0m=[35m0.0[0m [36mrationale[0m=[35m'no model registered'[0m [36mscore[0m=[35m0.0[0m [36mstrategy[0m=[35mml[0m [36msymbol[0m=[35mSBIN.NS[0m
[2m2026-09-28T18:19:08.565715Z[0m [[32m[1minfo     [0m] [1mdaemon.signal                 [0m [36mconfidence[0m=[35m0.827[0m [36mrationale[0m=[35m'12-1 ret=-9.18% risk_adj=-0.29 consistency=0.60'[0m [36mscore[0m=[35m-0.7063[0m [36mstrategy[0m=[35mmomentum[0m [36msymbol[0m=[35mTCS.NS[0m
[2m2026-09-28T18:19:08.566137Z[0m [[32m[1minfo     [0m] [1mdaemon.signal                 [0m [36mconfidence[0m=[35m0.2[0m [36mrationale[0m=[35m'z=-0.99 trend_up=False'[0m [36mscore[0m=[35m0.0[0m [36mstrategy[0m=[35mmean_reversion[0m [36msymbol[0m=[35mTCS.NS[0m
[2m2026-09-28T18:19:08.566320Z[0m [[32m[1minfo     [0m] [1mdaemon.signal                 [0m [36mconfidence[0m=[35m0.0[0m [36mrationale[0m=[35m'no model registered'[0m [36mscore[0m=[35m0.0[0m [36mstrategy[0m=[35mml[0m [36msymbol[0m=[35mTCS.NS[0m
[2m2026-09-28T18:19:08.567300Z[0m [[32m[1minfo     [0m] [1mdaemon.signal                 [0m [36mconfidence[0m=[35m0.76[0m [36mrationale[0m=[35m'12-1 ret=-12.39% risk_adj=-0.41 consistency=0.20'[0m [36mscore[0m=[35m-0.8407[0m [36mstrategy[0m=[35mmomentum[0m [36msymbol[0m=[35mINFY.NS[0m
[2m2026-09-28T18:19:08.567710Z[0m [[32m[1minfo     [0m] [1mdaemon.signal                 [0m [36mconfidence[0m=[35m0.2[0m [36mrationale[0m=[35m'z=-1.23 trend_up=False'[0m [36mscore[0m=[35m0.0[0m [36mstrategy[0m=[35mmean_reversion[0m [36msymbol[0m=[35mINFY.NS[0m
[2m2026-09-28T18:19:08.567908Z[0m [[32m[1minfo     [0m] [1mdaemon.signal                 [0m [36mconfidence[0m=[35m0.0[0m [36mrationale[0m=[35m'no model registered'[0m [36mscore[0m=[35m0.0[0m [36mstrategy[0m=[35mml[0m [36msymbol[0m=[35mINFY.NS[0m
[2m2026-09-28T18:19:08.568972Z[0m [[32m[1minfo     [0m] [1mdaemon.signal                 [0m [36mconfidence[0m=[35m0.853[0m [36mrationale[0m=[35m'12-1 ret=-7.53% risk_adj=-0.38 consistency=0.60'[0m [36mscore[0m=[35m-0.8127[0m [36mstrategy[0m=[35mmomentum[0m [36msymbol[0m=[35mWIPRO.NS[0m
[2m2026-09-28T18:19:08.569406Z[0m [[32m[1minfo     [0m] [1mdaemon.signal                 [0m [36mconfidence[0m=[35m0.2[0m [36mrationale[0m=[35m'z=-1.71 trend_up=False'[0m [36mscore[0m=[35m0.0[0m [36mstrategy[0m=[35mmean_reversion[0m [36msymbol[0m=[35mWIPRO.NS[0m
[2m2026-09-28T18:19:08.569596Z[0m [[32m[1minfo     [0m] [1mdaemon.signal                 [0m [36mconfidence[0m=[35m0.0[0m [36mrationale[0m=[35m'no model registered'[0m [36mscore[0m=[35m0.0[0m [36mstrategy[0m=[35mml[0m [36msymbol[0m=[35mWIPRO.NS[0m
[2m2026-09-28T18:19:08.570492Z[0m [[32m[1minfo     [0m] [1mdaemon.signal                 [0m [36mconfidence[0m=[35m0.618[0m [36mrationale[0m=[35m'12-1 ret=-2.81% risk_adj=-0.09 consistency=0.20'[0m [36mscore[0m=[35m-0.2703[0m [36mstrategy[0m=[35mmomentum[0m [36msymbol[0m=[35mHCLTECH.NS[0m
[2m2026-09-28T18:19:08.570929Z[0m [[32m[1minfo     [0m] [1mdaemon.signal                 [0m [36mconfidence[0m=[35m0.2[0m [36mrationale[0m=[35m'z=-0.47 trend_up=False'[0m [36mscore[0m=[35m0.0[0m [36mstrategy[0m=[35mmean_reversion[0m [36msymbol[0m=[35mHCLTECH.NS[0m
[2m2026-09-28T18:19:08.571116Z[0m [[32m[1minfo     [0m] [1mdaemon.signal                 [0m [36mconfidence[0m=[35m0.0[0m [36mrationale[0m=[35m'no model registered'[0m [36mscore[0m=[35m0.0[0m [36mstrategy[0m=[35mml[0m [36msymbol[0m=[35mHCLTECH.NS[0m
[2m2026-09-28T18:19:08.572061Z[0m [[32m[1minfo     [0m] [1mdaemon.signal                 [0m [36mconfidence[0m=[35m0.755[0m [36mrationale[0m=[35m'12-1 ret=-7.37% risk_adj=-0.39 consistency=0.20'[0m [36mscore[0m=[35m-0.8197[0m [36mstrategy[0m=[35mmomentum[0m [36msymbol[0m=[35mRELIANCE.NS[0m
[2m2026-09-28T18:19:08.572463Z[0m [[32m[1minfo     [0m] [1mdaemon.signal                 [0m [36mconfidence[0m=[35m0.2[0m [36mrationale[0m=[35m'z=-2.23 trend_up=False'[0m [36mscore[0m=[35m0.0[0m [36mstrategy[0m=[35mmean_reversion[0m [36msymbol[0m=[35mRELIANCE.NS[0m
[2m2026-09-28T18:19:08.572645Z[0m [[32m[1minfo     [0m] [1mdaemon.signal                 [0m [36mconfidence[0m=[35m0.0[0m [36mrationale[0m=[35m'no model registered'[0m [36mscore[0m=[35m0.0[0m [36mstrategy[0m=[35mml[0m [36msymbol[0m=[35mRELIANCE.NS[0m
[2m2026-09-28T18:19:08.573835Z[0m [[32m[1minfo     [0m] [1mdaemon.signal                 [0m [36mconfidence[0m=[35m0.798[0m [36mrationale[0m=[35m'12-1 ret=-15.96% risk_adj=-0.92 consistency=0.20'[0m [36mscore[0m=[35m-0.9921[0m [36mstrategy[0m=[35mmomentum[0m [36msymbol[0m=[35mONGC.NS[0m
[2m2026-09-28T18:19:08.574246Z[0m [[32m[1minfo     [0m] [1mdaemon.signal                 [0m [36mconfidence[0m=[35m0.2[0m [36mrationale[0m=[35m'z=-1.96 trend_up=False'[0m [36mscore[0m=[35m0.0[0m [36mstrategy[0m=[35mmean_reversion[0m [36msymbol[0m=[35mONGC.NS[0m
[2m2026-09-28T18:19:08.574416Z[0m [[32m[1minfo     [0m] [1mdaemon.signal                 [0m [36mconfidence[0m=[35m0.0[0m [36mrationale[0m=[35m'no model registered'[0m [36mscore[0m=[35m0.0[0m [36mstrategy[0m=[35mml[0m [36msymbol[0m=[35mONGC.NS[0m
[2m2026-09-28T18:19:08.575285Z[0m [[32m[1minfo     [0m] [1mdaemon.signal                 [0m [36mconfidence[0m=[35m0.75[0m [36mrationale[0m=[35m'12-1 ret=-7.02% risk_adj=-0.37 consistency=0.20'[0m [36mscore[0m=[35m-0.801[0m [36mstrategy[0m=[35mmomentum[0m [36msymbol[0m=[35mTATASTEEL.NS[0m
[2m2026-09-28T18:19:08.575683Z[0m [[32m[1minfo     [0m] [1mdaemon.signal                 [0m [36mconfidence[0m=[35m0.35[0m [36mrationale[0m=[35m'z=+0.08 trend_up=True'[0m [36mscore[0m=[35m-0.0411[0m [36mstrategy[0m=[35mmean_reversion[0m [36msymbol[0m=[35mTATASTEEL.NS[0m
[2m2026-09-28T18:19:08.575886Z[0m [[32m[1minfo     [0m] [1mdaemon.signal                 [0m [36mconfidence[0m=[35m0.0[0m [36mrationale[0m=[35m'no model registered'[0m [36mscore[0m=[35m0.0[0m [36mstrategy[0m=[35mml[0m [36msymbol[0m=[35mTATASTEEL.NS[0m
[2m2026-09-28T18:19:08.576747Z[0m [[32m[1minfo     [0m] [1mdaemon.signal                 [0m [36mconfidence[0m=[35m0.754[0m [36mrationale[0m=[35m'12-1 ret=-7.21% risk_adj=-0.38 consistency=0.20'[0m [36mscore[0m=[35m-0.8168[0m [36mstrategy[0m=[35mmomentum[0m [36msymbol[0m=[35mMARUTI.NS[0m
[2m2026-09-28T18:19:08.577175Z[0m [[32m[1minfo     [0m] [1mdaemon.signal                 [0m [36mconfidence[0m=[35m0.2[0m [36mrationale[0m=[35m'z=-1.29 trend_up=False'[0m [36mscore[0m=[35m0.0[0m [36mstrategy[0m=[35mmean_reversion[0m [36msymbol[0m=[35mMARUTI.NS[0m
[2m2026-09-28T18:19:08.577357Z[0m [[32m[1minfo     [0m] [1mdaemon.signal                 [0m [36mconfidence[0m=[35m0.0[0m [36mrationale[0m=[35m'no model registered'[0m [36mscore[0m=[35m0.0[0m [36mstrategy[0m=[35mml[0m [36msymbol[0m=[35mMARUTI.NS[0m
[2m2026-09-28T18:19:08.577435Z[0m [[32m[1minfo     [0m] [1mdaemon.signal                 [0m [36mconfidence[0m=[35m0.0[0m [36mrationale[0m=[35m'insufficient history (52/167)'[0m [36mscore[0m=[35m0.0[0m [36mstrategy[0m=[35mmomentum[0m [36msymbol[0m=[35mTATAMOTORS.NS[0m
[2m2026-09-28T18:19:08.577501Z[0m [[32m[1minfo     [0m] [1mdaemon.signal                 [0m [36mconfidence[0m=[35m0.0[0m [36mrationale[0m=[35m'insufficient history (52/205)'[0m [36mscore[0m=[35m0.0[0m [36mstrategy[0m=[35mmean_reversion[0m [36msymbol[0m=[35mTATAMOTORS.NS[0m
[2m2026-09-28T18:19:08.577554Z[0m [[32m[1minfo     [0m] [1mdaemon.signal                 [0m [36mconfidence[0m=[35m0.0[0m [36mrationale[0m=[35m'insufficient history (52/80)'[0m [36mscore[0m=[35m0.0[0m [36mstrategy[0m=[35mml[0m [36msymbol[0m=[35mTATAMOTORS.NS[0m
[2m2026-09-28T18:19:08.578479Z[0m [[32m[1minfo     [0m] [1mdaemon.signal                 [0m [36mconfidence[0m=[35m0.564[0m [36mrationale[0m=[35m'12-1 ret=-0.42% risk_adj=-0.02 consistency=0.20'[0m [36mscore[0m=[35m-0.0574[0m [36mstrategy[0m=[35mmomentum[0m [36msymbol[0m=[35mM&M.NS[0m
[2m2026-09-28T18:19:08.578866Z[0m [[32m[1minfo     [0m] [1mdaemon.signal                 [0m [36mconfidence[0m=[35m0.2[0m [36mrationale[0m=[35m'z=-1.42 trend_up=False'[0m [36mscore[0m=[35m0.0[0m [36mstrategy[0m=[35mmean_reversion[0m [36msymbol[0m=[35mM&M.NS[0m
[2m2026-09-28T18:19:08.579034Z[0m [[32m[1minfo     [0m] [1mdaemon.signal                 [0m [36mconfidence[0m=[35m0.0[0m [36mrationale[0m=[35m'no model registered'[0m [36mscore[0m=[35m0.0[0m [36mstrategy[0m=[35mml[0m [36msymbol[0m=[35mM&M.NS[0m
[2m2026-09-28T18:19:08.579987Z[0m [[32m[1minfo     [0m] [1mdaemon.signal                 [0m [36mconfidence[0m=[35m0.771[0m [36mrationale[0m=[35m'12-1 ret=-10.85% risk_adj=-0.46 consistency=0.20'[0m [36mscore[0m=[35m-0.8831[0m [36mstrategy[0m=[35mmomentum[0m [36msymbol[0m=[35mHINDUNILVR.NS[0m
[2m2026-09-28T18:19:08.580373Z[0m [[32m[1minfo     [0m] [1mdaemon.signal                 [0m [36mconfidence[0m=[35m0.2[0m [36mrationale[0m=[35m'z=-2.42 trend_up=False'[0m [36mscore[0m=[35m0.0[0m [36mstrategy[0m=[35mmean_reversion[0m [36msymbol[0m=[35mHINDUNILVR.NS[0m
[2m2026-09-28T18:19:08.580552Z[0m [[32m[1minfo     [0m] [1mdaemon.signal                 [0m [36mconfidence[0m=[35m0.0[0m [36mrationale[0m=[35m'no model registered'[0m [36mscore[0m=[35m0.0[0m [36mstrategy[0m=[35mml[0m [36msymbol[0m=[35mHINDUNILVR.NS[0m
[2m2026-09-28T18:19:08.581412Z[0m [[32m[1minfo     [0m] [1mdaemon.signal                 [0m [36mconfidence[0m=[35m0.794[0m [36mrationale[0m=[35m'12-1 ret=-14.61% risk_adj=-0.75 consistency=0.20'[0m [36mscore[0m=[35m-0.9778[0m [36mstrategy[0m=[35mmomentum[0m [36msymbol[0m=[35mITC.NS[0m
[2m2026-09-28T18:19:08.581803Z[0m [[32m[1minfo     [0m] [1mdaemon.signal                 [0m [36mconfidence[0m=[35m0.2[0m [36mrationale[0m=[35m'z=-0.11 trend_up=False'[0m [36mscore[0m=[35m0.0[0m [36mstrategy[0m=[35mmean_reversion[0m [36msymbol[0m=[35mITC.NS[0m
[2m2026-09-28T18:19:08.582006Z[0m [[32m[1minfo     [0m] [1mdaemon.signal                 [0m [36mconfidence[0m=[35m0.0[0m [36mrationale[0m=[35m'no model registered'[0m [36mscore[0m=[35m0.0[0m [36mstrategy[0m=[35mml[0m [36msymbol[0m=[35mITC.NS[0m
[2m2026-09-28T18:19:08.582884Z[0m [[32m[1minfo     [0m] [1mdaemon.signal                 [0m [36mconfidence[0m=[35m0.895[0m [36mrationale[0m=[35m'12-1 ret=+14.03% risk_adj=+0.77 consistency=0.60'[0m [36mscore[0m=[35m0.9803[0m [36mstrategy[0m=[35mmomentum[0m [36msymbol[0m=[35mASIANPAINT.NS[0m
[2m2026-09-28T18:19:08.583285Z[0m [[32m[1minfo     [0m] [1mdaemon.signal                 [0m [36mconfidence[0m=[35m0.2[0m [36mrationale[0m=[35m'z=-0.55 trend_up=False'[0m [36mscore[0m=[35m0.0[0m [36mstrategy[0m=[35mmean_reversion[0m [36msymbol[0m=[35mASIANPAINT.NS[0m
[2m2026-09-28T18:19:08.583470Z[0m [[32m[1minfo     [0m] [1mdaemon.signal                 [0m [36mconfidence[0m=[35m0.0[0m [36mrationale[0m=[35m'no model registered'[0m [36mscore[0m=[35m0.0[0m [36mstrategy[0m=[35mml[0m [36msymbol[0m=[35mASIANPAINT.NS[0m
[2m2026-09-28T18:19:08.584331Z[0m [[32m[1minfo     [0m] [1mdaemon.signal                 [0m [36mconfidence[0m=[35m0.795[0m [36mrationale[0m=[35m'12-1 ret=+16.28% risk_adj=+0.77 consistency=0.20'[0m [36mscore[0m=[35m0.981[0m [36mstrategy[0m=[35mmomentum[0m [36msymbol[0m=[35mNESTLEIND.NS[0m
[2m2026-09-28T18:19:08.584695Z[0m [[32m[1minfo     [0m] [1mdaemon.signal                 [0m [36mconfidence[0m=[35m0.7[0m [36mrationale[0m=[35m'z=-1.59 trend_up=True'[0m [36mscore[0m=[35m0.6609[0m [36mstrategy[0m=[35mmean_reversion[0m [36msymbol[0m=[35mNESTLEIND.NS[0m
[2m2026-09-28T18:19:08.584873Z[0m [[32m[1minfo     [0m] [1mdaemon.signal                 [0m [36mconfidence[0m=[35m0.0[0m [36mrationale[0m=[35m'no model registered'[0m [36mscore[0m=[35m0.0[0m [36mstrategy[0m=[35mml[0m [36msymbol[0m=[35mNESTLEIND.NS[0m
[2m2026-09-28T18:19:08.585692Z[0m [[32m[1minfo     [0m] [1mdaemon.signal                 [0m [36mconfidence[0m=[35m0.768[0m [36mrationale[0m=[35m'12-1 ret=+7.59% risk_adj=+0.45 consistency=0.20'[0m [36mscore[0m=[35m0.8728[0m [36mstrategy[0m=[35mmomentum[0m [36msymbol[0m=[35mSUNPHARMA.NS[0m
[2m2026-09-28T18:19:08.586193Z[0m [[32m[1minfo     [0m] [1mdaemon.signal                 [0m [36mconfidence[0m=[35m0.55[0m [36mrationale[0m=[35m'z=-1.06 trend_up=True'[0m [36mscore[0m=[35m0.4859[0m [36mstrategy[0m=[35mmean_reversion[0m [36msymbol[0m=[35mSUNPHARMA.NS[0m
[2m2026-09-28T18:19:08.586454Z[0m [[32m[1minfo     [0m] [1mdaemon.signal                 [0m [36mconfidence[0m=[35m0.0[0m [36mrationale[0m=[35m'no model registered'[0m [36mscore[0m=[35m0.0[0m [36mstrategy[0m=[35mml[0m [36msymbol[0m=[35mSUNPHARMA.NS[0m
[2m2026-09-28T18:19:08.587395Z[0m [[32m[1minfo     [0m] [1mdaemon.signal                 [0m [36mconfidence[0m=[35m0.77[0m [36mrationale[0m=[35m'12-1 ret=-10.32% risk_adj=-0.46 consistency=0.20'[0m [36mscore[0m=[35m-0.8783[0m [36mstrategy[0m=[35mmomentum[0m [36msymbol[0m=[35mDRREDDY.NS[0m
[2m2026-09-28T18:19:08.587763Z[0m [[32m[1minfo     [0m] [1mdaemon.signal                 [0m [36mconfidence[0m=[35m0.2[0m [36mrationale[0m=[35m'z=+1.16 trend_up=False'[0m [36mscore[0m=[35m0.0[0m [36mstrategy[0m=[35mmean_reversion[0m [36msymbol[0m=[35mDRREDDY.NS[0m
[2m2026-09-28T18:19:08.587949Z[0m [[32m[1minfo     [0m] [1mdaemon.signal                 [0m [36mconfidence[0m=[35m0.0[0m [36mrationale[0m=[35m'no model registered'[0m [36mscore[0m=[35m0.0[0m [36mstrategy[0m=[35mml[0m [36msymbol[0m=[35mDRREDDY.NS[0m
[2m2026-09-28T18:19:08.588784Z[0m [[32m[1minfo     [0m] [1mdaemon.signal                 [0m [36mconfidence[0m=[35m0.693[0m [36mrationale[0m=[35m'12-1 ret=-1.29% risk_adj=-0.06 consistency=0.60'[0m [36mscore[0m=[35m-0.1701[0m [36mstrategy[0m=[35mmomentum[0m [36msymbol[0m=[35mBHARTIARTL.NS[0m
[2m2026-09-28T18:19:08.589202Z[0m [[32m[1minfo     [0m] [1mdaemon.signal                 [0m [36mconfidence[0m=[35m0.2[0m [36mrationale[0m=[35m'z=-1.52 trend_up=False'[0m [36mscore[0m=[35m0.0[0m [36mstrategy[0m=[35mmean_reversion[0m [36msymbol[0m=[35mBHARTIARTL.NS[0m
[2m2026-09-28T18:19:08.589380Z[0m [[32m[1minfo     [0m] [1mdaemon.signal                 [0m [36mconfidence[0m=[35m0.0[0m [36mrationale[0m=[35m'no model registered'[0m [36mscore[0m=[35m0.0[0m [36mstrategy[0m=[35mml[0m [36msymbol[0m=[35mBHARTIARTL.NS[0m
[2m2026-09-28T18:19:08.590351Z[0m [[32m[1minfo     [0m] [1mdaemon.signal                 [0m [36mconfidence[0m=[35m0.73[0m [36mrationale[0m=[35m'12-1 ret=-5.69% risk_adj=-0.30 consistency=0.20'[0m [36mscore[0m=[35m-0.7196[0m [36mstrategy[0m=[35mmomentum[0m [36msymbol[0m=[35mULTRACEMCO.NS[0m
[2m2026-09-28T18:19:08.590747Z[0m [[32m[1minfo     [0m] [1mdaemon.signal                 [0m [36mconfidence[0m=[35m0.2[0m [36mrationale[0m=[35m'z=+0.33 trend_up=False'[0m [36mscore[0m=[35m0.0[0m [36mstrategy[0m=[35mmean_reversion[0m [36msymbol[0m=[35mULTRACEMCO.NS[0m
[2m2026-09-28T18:19:08.590945Z[0m [[32m[1minfo     [0m] [1mdaemon.signal                 [0m [36mconfidence[0m=[35m0.0[0m [36mrationale[0m=[35m'no model registered'[0m [36mscore[0m=[35m0.0[0m [36mstrategy[0m=[35mml[0m [36msymbol[0m=[35mULTRACEMCO.NS[0m
[2m2026-09-28T18:19:08.591897Z[0m [[32m[1minfo     [0m] [1mdaemon.signal                 [0m [36mconfidence[0m=[35m0.557[0m [36mrationale[0m=[35m'12-1 ret=+0.18% risk_adj=+0.01 consistency=0.20'[0m [36mscore[0m=[35m0.0299[0m [36mstrategy[0m=[35mmomentum[0m [36msymbol[0m=[35mLT.NS[0m
[2m2026-09-28T18:19:08.592287Z[0m [[32m[1minfo     [0m] [1mdaemon.signal                 [0m [36mconfidence[0m=[35m0.2[0m [36mrationale[0m=[35m'z=-1.95 trend_up=False'[0m [36mscore[0m=[35m0.0[0m [36mstrategy[0m=[35mmean_reversion[0m [36msymbol[0m=[35mLT.NS[0m
[2m2026-09-28T18:19:08.592478Z[0m [[32m[1minfo     [0m] [1mdaemon.signal                 [0m [36mconfidence[0m=[35m0.0[0m [36mrationale[0m=[35m'no model registered'[0m [36mscore[0m=[35m0.0[0m [36mstrategy[0m=[35mml[0m [36msymbol[0m=[35mLT.NS[0m
[2m2026-09-28T18:19:08.593338Z[0m [[32m[1minfo     [0m] [1mdaemon.signal                 [0m [36mconfidence[0m=[35m0.755[0m [36mrationale[0m=[35m'12-1 ret=+12.21% risk_adj=+0.39 consistency=0.20'[0m [36mscore[0m=[35m0.8198[0m [36mstrategy[0m=[35mmomentum[0m [36msymbol[0m=[35mBAJFINANCE.NS[0m
[2m2026-09-28T18:19:08.593724Z[0m [[32m[1minfo     [0m] [1mdaemon.signal                 [0m [36mconfidence[0m=[35m0.55[0m [36mrationale[0m=[35m'z=-1.26 trend_up=True'[0m [36mscore[0m=[35m0.5584[0m [36mstrategy[0m=[35mmean_reversion[0m [36msymbol[0m=[35mBAJFINANCE.NS[0m
[2m2026-09-28T18:19:08.593921Z[0m [[32m[1minfo     [0m] [1mdaemon.signal                 [0m [36mconfidence[0m=[35m0.0[0m [36mrationale[0m=[35m'no model registered'[0m [36mscore[0m=[35m0.0[0m [36mstrategy[0m=[35mml[0m [36msymbol[0m=[35mBAJFINANCE.NS[0m
[2m2026-09-28T18:19:08.594738Z[0m [[32m[1minfo     [0m] [1mdaemon.signal                 [0m [36mconfidence[0m=[35m0.674[0m [36mrationale[0m=[35m'12-1 ret=+4.72% risk_adj=+0.18 consistency=0.20'[0m [36mscore[0m=[35m0.4979[0m [36mstrategy[0m=[35mmomentum[0m [36msymbol[0m=[35mBAJAJFINSV.NS[0m
[2m2026-09-28T18:19:08.595147Z[0m [[32m[1minfo     [0m] [1mdaemon.signal                 [0m [36mconfidence[0m=[35m0.2[0m [36mrationale[0m=[35m'z=-1.63 trend_up=False'[0m [36mscore[0m=[35m0.0[0m [36mstrategy[0m=[35mmean_reversion[0m [36msymbol[0m=[35mBAJAJFINSV.NS[0m
[2m2026-09-28T18:19:08.595326Z[0m [[32m[1minfo     [0m] [1mdaemon.signal                 [0m [36mconfidence[0m=[35m0.0[0m [36mrationale[0m=[35m'no model registered'[0m [36mscore[0m=[35m0.0[0m [36mstrategy[0m=[35mml[0m [36msymbol[0m=[35mBAJAJFINSV.NS[0m
[2m2026-09-28T18:19:08.596288Z[0m [[32m[1minfo     [0m] [1mdaemon.signal                 [0m [36mconfidence[0m=[35m0.678[0m [36mrationale[0m=[35m'12-1 ret=-1.69% risk_adj=-0.19 consistency=0.20'[0m [36mscore[0m=[35m-0.5109[0m [36mstrategy[0m=[35mmomentum[0m [36msymbol[0m=[35mNIFTYBEES.NS[0m
[2m2026-09-28T18:19:08.596672Z[0m [[32m[1minfo     [0m] [1mdaemon.signal                 [0m [36mconfidence[0m=[35m0.2[0m [36mrationale[0m=[35m'z=-2.22 trend_up=False'[0m [36mscore[0m=[35m0.0[0m [36mstrategy[0m=[35mmean_reversion[0m [36msymbol[0m=[35mNIFTYBEES.NS[0m
[2m2026-09-28T18:19:08.596869Z[0m [[32m[1minfo     [0m] [1mdaemon.signal                 [0m [36mconfidence[0m=[35m0.0[0m [36mrationale[0m=[35m'no model registered'[0m [36mscore[0m=[35m0.0[0m [36mstrategy[0m=[35mml[0m [36msymbol[0m=[35mNIFTYBEES.NS[0m
[2m2026-09-28T18:19:08.597688Z[0m [[32m[1minfo     [0m] [1mdaemon.signal                 [0m [36mconfidence[0m=[35m0.675[0m [36mrationale[0m=[35m'12-1 ret=-2.07% risk_adj=-0.18 consistency=0.20'[0m [36mscore[0m=[35m-0.5002[0m [36mstrategy[0m=[35mmomentum[0m [36msymbol[0m=[35mBANKBEES.NS[0m
[2m2026-09-28T18:19:08.598101Z[0m [[32m[1minfo     [0m] [1mdaemon.signal                 [0m [36mconfidence[0m=[35m0.2[0m [36mrationale[0m=[35m'z=-2.37 trend_up=False'[0m [36mscore[0m=[35m0.0[0m [36mstrategy[0m=[35mmean_reversion[0m [36msymbol[0m=[35mBANKBEES.NS[0m
[2m2026-09-28T18:19:08.598281Z[0m [[32m[1minfo     [0m] [1mdaemon.signal                 [0m [36mconfidence[0m=[35m0.0[0m [36mrationale[0m=[35m'no model registered'[0m [36mscore[0m=[35m0.0[0m [36mstrategy[0m=[35mml[0m [36msymbol[0m=[35mBANKBEES.NS[0m
[2m2026-09-28T18:19:08.600804Z[0m [[32m[1minfo     [0m] [1mdaemon.sector_exposure        [0m [36msectors[0m=[35m{'Energy': 8.1, 'Pharma': 7.7, 'Metals': 8.3, 'FMCG': 7.6, 'Consumer': 8.1, 'Financials': 8.1}[0m
[2m2026-09-28T18:19:08.600933Z[0m [[32m[1minfo     [0m] [1mdaemon.intended_order         [0m [36mqty[0m=[35m426.0[0m [36mside[0m=[35msell[0m [36msymbol[0m=[35mTATASTEEL.NS[0m
[2m2026-09-28T18:19:08.601157Z[0m [[33m[1mwarning  [0m] [1mrisk.reject                   [0m [36mcheck[0m=[35morder_size[0m [36morder_id[0m=[35m47d59203-f35a-4e74-be95-3bd2b0420c2f[0m [36mreason[0m=[35m'order_notional_exceeds_cap: notional=79363.80 cap=76337.47'[0m [36msymbol[0m=[35mTATASTEEL.NS[0m
[2m2026-09-28T18:19:08.601267Z[0m [[33m[1mwarning  [0m] [1moms.rejected                  [0m [36morder_id[0m=[35m47d59203-f35a-4e74-be95-3bd2b0420c2f[0m [36mreasons[0m=[35m['order_size: order_notional_exceeds_cap: notional=79363.80 cap=76337.47'][0m [36msymbol[0m=[35mTATASTEEL.NS[0m
[2m2026-09-28T18:19:08.601329Z[0m [[32m[1minfo     [0m] [1mdaemon.intended_order         [0m [36mqty[0m=[35m337.0[0m [36mside[0m=[35msell[0m [36msymbol[0m=[35mONGC.NS[0m
[2m2026-09-28T18:19:08.601450Z[0m [[33m[1mwarning  [0m] [1mrisk.reject                   [0m [36mcheck[0m=[35morder_size[0m [36morder_id[0m=[35m435534c9-110b-4bba-8f16-86ad4c7a314f[0m [36mreason[0m=[35m'order_notional_exceeds_cap: notional=77510.00 cap=76337.47'[0m [36msymbol[0m=[35mONGC.NS[0m
[2m2026-09-28T18:19:08.601513Z[0m [[33m[1mwarning  [0m] [1moms.rejected                  [0m [36morder_id[0m=[35m435534c9-110b-4bba-8f16-86ad4c7a314f[0m [36mreasons[0m=[35m['order_size: order_notional_exceeds_cap: notional=77510.00 cap=76337.47'][0m [36msymbol[0m=[35mONGC.NS[0m
[2m2026-09-28T18:19:08.601583Z[0m [[32m[1minfo     [0m] [1mdaemon.run.complete           [0m [36mn_orders_accepted[0m=[35m0[0m [36mn_orders_attempted[0m=[35m2[0m [36mn_orders_rejected[0m=[35m2[0m [36mn_selected[0m=[35m4[0m [36mnav[0m=[35m954218.3576622435[0m [36mprofile[0m=[35mopportunity[0m

[result] nav=₹954,218.36 selected=4 attempted=2 accepted=0 rejected=2

[selected positions]
  NESTLEIND.NS    target_weight=8.00%  conf=0.75  momentum: score=+0.98 conf=0.80 | mean_reversion: score=+0.66 conf=0.70 | ml: score=+0.00 conf=0.00
  SUNPHARMA.NS    target_weight=8.00%  conf=0.66  momentum: score=+0.87 conf=0.77 | mean_reversion: score=+0.49 conf=0.55 | ml: score=+0.00 conf=0.00
  BAJFINANCE.NS   target_weight=8.00%  conf=0.65  momentum: score=+0.82 conf=0.75 | mean_reversion: score=+0.56 conf=0.55 | ml: score=+0.00 conf=0.00
  ASIANPAINT.NS   target_weight=8.00%  conf=0.55  momentum: score=+0.98 conf=0.90 | mean_reversion: score=+0.00 conf=0.20 | ml: score=+0.00 conf=0.00
